Name                                                                                                                             Owner                                                                                                                            Type                            Created_datetime
-------------------------------------------------------------------------------------------------------------------------------- -------------------------------------------------------------------------------------------------------------------------------- ------------------------------- -----------------------
WF_Entidad                                                                                                                       dbo                                                                                                                              user table                      2026-02-24 16:45:11.637

 
 
Column_name                                                                                                                      Type                                                                                                                             Computed                            Length      Prec  Scale Nullable                            TrimTrailingBlanks                  FixedLenNullInSource                Collation
-------------------------------------------------------------------------------------------------------------------------------- -------------------------------------------------------------------------------------------------------------------------------- ----------------------------------- ----------- ----- ----- ----------------------------------- ----------------------------------- ----------------------------------- --------------------------------------------------------------------------------------------------------------------------------
EntidadId                                                                                                                        bigint                                                                                                                           no                                  8           19    0     no                                  (n/a)                               (n/a)                               NULL
TenantId                                                                                                                         nvarchar                                                                                                                         no                                  100                     yes                                 (n/a)                               (n/a)                               Modern_Spanish_CI_AS
TipoEntidad                                                                                                                      nvarchar                                                                                                                         no                                  160                     no                                  (n/a)                               (n/a)                               Modern_Spanish_CI_AS
EstadoActual                                                                                                                     nvarchar                                                                                                                         no                                  100                     yes                                 (n/a)                               (n/a)                               Modern_Spanish_CI_AS
InstanciaId                                                                                                                      bigint                                                                                                                           no                                  8           19    0     yes                                 (n/a)                               (n/a)                               NULL
DataJson                                                                                                                         nvarchar                                                                                                                         no                                  -1                      yes                                 (n/a)                               (n/a)                               Modern_Spanish_CI_AS
Total                                                                                                                            decimal                                                                                                                          no                                  9           18    2     yes                                 (n/a)                               (n/a)                               NULL
DocumentoOriginalId                                                                                                              bigint                                                                                                                           no                                  8           19    0     yes                                 (n/a)                               (n/a)                               NULL
DocumentoProcesadoId                                                                                                             bigint                                                                                                                           no                                  8           19    0     yes                                 (n/a)                               (n/a)                               NULL
DocumentoFirmadoId                                                                                                               bigint                                                                                                                           no                                  8           19    0     yes                                 (n/a)                               (n/a)                               NULL
CreadoUtc                                                                                                                        datetime2                                                                                                                        no                                  6           19    0     no                                  (n/a)                               (n/a)                               NULL
ActualizadoUtc                                                                                                                   datetime2                                                                                                                        no                                  6           19    0     no                                  (n/a)                               (n/a)                               NULL
CreadoPor                                                                                                                        nvarchar                                                                                                                         no                                  200                     yes                                 (n/a)                               (n/a)                               Modern_Spanish_CI_AS
ActualizadoPor                                                                                                                   nvarchar                                                                                                                         no                                  200                     yes                                 (n/a)                               (n/a)                               Modern_Spanish_CI_AS
RowVer                                                                                                                           timestamp                                                                                                                        no                                  8                       no                                  (n/a)                               (n/a)                               NULL

 
Identity                                                                                                                         Seed                                    Increment                               Not For Replication
-------------------------------------------------------------------------------------------------------------------------------- --------------------------------------- --------------------------------------- -------------------
EntidadId                                                                                                                        1                                       1                                       0

 
RowGuidCol
--------------------------------------------------------------------------------------------------------------------------------
No rowguidcol column defined.

 
Data_located_on_filegroup
--------------------------------------------------------------------------------------------------------------------------------
PRIMARY

 
index_name                                                                                                                       index_description                                                                                                                                                                                                  index_keys
-------------------------------------------------------------------------------------------------------------------------------- ------------------------------------------------------------------------------------------------------------------------------------------------------------------------------------------------------------------ ----------------------------------------------------------------------------------------------------------------------------------------------------------------------------------------------------------------------------------------------------------------
IX_WF_Entidad_CreadoUtc                                                                                                          nonclustered located on PRIMARY                                                                                                                                                                                    CreadoUtc
IX_WF_Entidad_TipoEntidad_Estado                                                                                                 nonclustered located on PRIMARY                                                                                                                                                                                    TipoEntidad, EstadoActual
PK__WF_Entid__92A286C1259BB61B                                                                                                   clustered, unique, primary key located on PRIMARY                                                                                                                                                                  EntidadId
UX_WF_Entidad_InstanciaId                                                                                                        nonclustered, unique located on PRIMARY                                                                                                                                                                            InstanciaId

 
constraint_type                                                                                                                                                                                                                                                  constraint_name                                                                                                                  delete_action update_action status_enabled status_for_replication constraint_keys
---------------------------------------------------------------------------------------------------------------------------------------------------------------------------------------------------------------------------------------------------------------- -------------------------------------------------------------------------------------------------------------------------------- ------------- ------------- -------------- ---------------------- ----------------------------------------------------------------------------------------------------------------------------------------------------------------------------------------------------------------------------------------------------------------
DEFAULT on column ActualizadoUtc                                                                                                                                                                                                                                 DF__WF_Entida__Actua__251C81ED                                                                                                   (n/a)         (n/a)         (n/a)          (n/a)                  (sysutcdatetime())
DEFAULT on column CreadoUtc                                                                                                                                                                                                                                      DF__WF_Entida__Cread__24285DB4                                                                                                   (n/a)         (n/a)         (n/a)          (n/a)                  (sysutcdatetime())
PRIMARY KEY (clustered)                                                                                                                                                                                                                                          PK__WF_Entid__92A286C1259BB61B                                                                                                   (n/a)         (n/a)         (n/a)          (n/a)                  EntidadId

 
No foreign keys reference table 'WF_Entidad', or you do not have permissions on referencing tables.
No views with schema binding reference table 'WF_Entidad'.
Name                                                                                                                             Owner                                                                                                                            Type                            Created_datetime
-------------------------------------------------------------------------------------------------------------------------------- -------------------------------------------------------------------------------------------------------------------------------- ------------------------------- -----------------------
WF_EntidadItem                                                                                                                   dbo                                                                                                                              user table                      2026-02-24 16:22:01.730

 
 
Column_name                                                                                                                      Type                                                                                                                             Computed                            Length      Prec  Scale Nullable                            TrimTrailingBlanks                  FixedLenNullInSource                Collation
-------------------------------------------------------------------------------------------------------------------------------- -------------------------------------------------------------------------------------------------------------------------------- ----------------------------------- ----------- ----- ----- ----------------------------------- ----------------------------------- ----------------------------------- --------------------------------------------------------------------------------------------------------------------------------
EntidadItemId                                                                                                                    bigint                                                                                                                           no                                  8           19    0     no                                  (n/a)                               (n/a)                               NULL
EntidadId                                                                                                                        bigint                                                                                                                           no                                  8           19    0     no                                  (n/a)                               (n/a)                               NULL
ItemIndex                                                                                                                        int                                                                                                                              no                                  4           10    0     no                                  (n/a)                               (n/a)                               NULL
Path                                                                                                                             nvarchar                                                                                                                         no                                  400                     yes                                 (n/a)                               (n/a)                               Modern_Spanish_CI_AS
DataJson                                                                                                                         nvarchar                                                                                                                         no                                  -1                      no                                  (n/a)                               (n/a)                               Modern_Spanish_CI_AS
Descripcion                                                                                                                      nvarchar                                                                                                                         no                                  800                     yes                                 (n/a)                               (n/a)                               Modern_Spanish_CI_AS
Cantidad                                                                                                                         decimal                                                                                                                          no                                  9           18    4     yes                                 (n/a)                               (n/a)                               NULL
Importe                                                                                                                          decimal                                                                                                                          no                                  9           18    2     yes                                 (n/a)                               (n/a)                               NULL

 
Identity                                                                                                                         Seed                                    Increment                               Not For Replication
-------------------------------------------------------------------------------------------------------------------------------- --------------------------------------- --------------------------------------- -------------------
EntidadItemId                                                                                                                    1                                       1                                       0

 
RowGuidCol
--------------------------------------------------------------------------------------------------------------------------------
No rowguidcol column defined.

 
Data_located_on_filegroup
--------------------------------------------------------------------------------------------------------------------------------
PRIMARY

 
index_name                                                                                                                       index_description                                                                                                                                                                                                  index_keys
-------------------------------------------------------------------------------------------------------------------------------- ------------------------------------------------------------------------------------------------------------------------------------------------------------------------------------------------------------------ ----------------------------------------------------------------------------------------------------------------------------------------------------------------------------------------------------------------------------------------------------------------
PK__WF_Entid__598A61096A726599                                                                                                   clustered, unique, primary key located on PRIMARY                                                                                                                                                                  EntidadItemId

 
constraint_type                                                                                                                                                                                                                                                  constraint_name                                                                                                                  delete_action update_action status_enabled status_for_replication constraint_keys
---------------------------------------------------------------------------------------------------------------------------------------------------------------------------------------------------------------------------------------------------------------- -------------------------------------------------------------------------------------------------------------------------------- ------------- ------------- -------------- ---------------------- ----------------------------------------------------------------------------------------------------------------------------------------------------------------------------------------------------------------------------------------------------------------
PRIMARY KEY (clustered)                                                                                                                                                                                                                                          PK__WF_Entid__598A61096A726599                                                                                                   (n/a)         (n/a)         (n/a)          (n/a)                  EntidadItemId

 
No foreign keys reference table 'WF_EntidadItem', or you do not have permissions on referencing tables.
No views with schema binding reference table 'WF_EntidadItem'.
Name                                                                                                                             Owner                                                                                                                            Type                            Created_datetime
-------------------------------------------------------------------------------------------------------------------------------- -------------------------------------------------------------------------------------------------------------------------------- ------------------------------- -----------------------
WF_EntidadIndice                                                                                                                 dbo                                                                                                                              user table                      2026-02-24 16:22:01.767

 
 
Column_name                                                                                                                      Type                                                                                                                             Computed                            Length      Prec  Scale Nullable                            TrimTrailingBlanks                  FixedLenNullInSource                Collation
-------------------------------------------------------------------------------------------------------------------------------- -------------------------------------------------------------------------------------------------------------------------------- ----------------------------------- ----------- ----- ----- ----------------------------------- ----------------------------------- ----------------------------------- --------------------------------------------------------------------------------------------------------------------------------
EntidadIndiceId                                                                                                                  bigint                                                                                                                           no                                  8           19    0     no                                  (n/a)                               (n/a)                               NULL
EntidadId                                                                                                                        bigint                                                                                                                           no                                  8           19    0     no                                  (n/a)                               (n/a)                               NULL
Key                                                                                                                              nvarchar                                                                                                                         no                                  200                     no                                  (n/a)                               (n/a)                               Modern_Spanish_CI_AS
Value                                                                                                                            nvarchar                                                                                                                         no                                  800                     yes                                 (n/a)                               (n/a)                               Modern_Spanish_CI_AS
ValueNorm                                                                                                                        nvarchar                                                                                                                         no                                  800                     yes                                 (n/a)                               (n/a)                               Modern_Spanish_CI_AS
TipoDato                                                                                                                         nvarchar                                                                                                                         no                                  60                      yes                                 (n/a)                               (n/a)                               Modern_Spanish_CI_AS
SourcePath                                                                                                                       nvarchar                                                                                                                         no                                  400                     yes                                 (n/a)                               (n/a)                               Modern_Spanish_CI_AS

 
Identity                                                                                                                         Seed                                    Increment                               Not For Replication
-------------------------------------------------------------------------------------------------------------------------------- --------------------------------------- --------------------------------------- -------------------
EntidadIndiceId                                                                                                                  1                                       1                                       0

 
RowGuidCol
--------------------------------------------------------------------------------------------------------------------------------
No rowguidcol column defined.

 
Data_located_on_filegroup
--------------------------------------------------------------------------------------------------------------------------------
PRIMARY

 
index_name                                                                                                                       index_description                                                                                                                                                                                                  index_keys
-------------------------------------------------------------------------------------------------------------------------------- ------------------------------------------------------------------------------------------------------------------------------------------------------------------------------------------------------------------ ----------------------------------------------------------------------------------------------------------------------------------------------------------------------------------------------------------------------------------------------------------------
PK__WF_Entid__23DAAA6D02546CF1                                                                                                   clustered, unique, primary key located on PRIMARY                                                                                                                                                                  EntidadIndiceId

 
constraint_type                                                                                                                                                                                                                                                  constraint_name                                                                                                                  delete_action update_action status_enabled status_for_replication constraint_keys
---------------------------------------------------------------------------------------------------------------------------------------------------------------------------------------------------------------------------------------------------------------- -------------------------------------------------------------------------------------------------------------------------------- ------------- ------------- -------------- ---------------------- ----------------------------------------------------------------------------------------------------------------------------------------------------------------------------------------------------------------------------------------------------------------
PRIMARY KEY (clustered)                                                                                                                                                                                                                                          PK__WF_Entid__23DAAA6D02546CF1                                                                                                   (n/a)         (n/a)         (n/a)          (n/a)                  EntidadIndiceId

 
No foreign keys reference table 'WF_EntidadIndice', or you do not have permissions on referencing tables.
No views with schema binding reference table 'WF_EntidadIndice'.

Completion time: 2026-03-07T22:59:00.0995390-03:00
